
Allocating common symbols
Common symbol       size              file

thread_ready_list   0x10              build/thread.o
thread_all_list     0x10              build/thread.o
user_pool           0x10              build/memory.o
intr_name           0xc0              build/interrupt.o
main_thread         0x4               build/thread.o
ticks               0x4               build/timer.o
kernel_vaddr        0xc               build/memory.o
idt_table           0xc0              build/interrupt.o
kernel_pool         0x10              build/memory.o

Discarded input sections

 .group         0x0000000000000000        0x8 build/main.o
 .note.GNU-stack
                0x0000000000000000        0x0 build/main.o
 .group         0x0000000000000000        0x8 build/init.o
 .text.__x86.get_pc_thunk.bx
                0x0000000000000000        0x4 build/init.o
 .note.GNU-stack
                0x0000000000000000        0x0 build/init.o
 .group         0x0000000000000000        0x8 build/interrupt.o
 .group         0x0000000000000000        0x8 build/interrupt.o
 .text.__x86.get_pc_thunk.bx
                0x0000000000000000        0x4 build/interrupt.o
 .note.GNU-stack
                0x0000000000000000        0x0 build/interrupt.o
 .group         0x0000000000000000        0x8 build/timer.o
 .group         0x0000000000000000        0x8 build/timer.o
 .text.__x86.get_pc_thunk.ax
                0x0000000000000000        0x4 build/timer.o
 .text.__x86.get_pc_thunk.bx
                0x0000000000000000        0x4 build/timer.o
 .note.GNU-stack
                0x0000000000000000        0x0 build/timer.o
 .group         0x0000000000000000        0x8 build/debug.o
 .text.__x86.get_pc_thunk.bx
                0x0000000000000000        0x4 build/debug.o
 .note.GNU-stack
                0x0000000000000000        0x0 build/debug.o
 .group         0x0000000000000000        0x8 build/string.o
 .text.__x86.get_pc_thunk.ax
                0x0000000000000000        0x4 build/string.o
 .note.GNU-stack
                0x0000000000000000        0x0 build/string.o
 .group         0x0000000000000000        0x8 build/bitmap.o
 .text.__x86.get_pc_thunk.ax
                0x0000000000000000        0x4 build/bitmap.o
 .note.GNU-stack
                0x0000000000000000        0x0 build/bitmap.o
 .group         0x0000000000000000        0x8 build/memory.o
 .group         0x0000000000000000        0x8 build/memory.o
 .text.__x86.get_pc_thunk.ax
                0x0000000000000000        0x4 build/memory.o
 .text.__x86.get_pc_thunk.bx
                0x0000000000000000        0x4 build/memory.o
 .note.GNU-stack
                0x0000000000000000        0x0 build/memory.o
 .group         0x0000000000000000        0x8 build/thread.o
 .group         0x0000000000000000        0x8 build/thread.o
 .group         0x0000000000000000        0x8 build/thread.o
 .text.__x86.get_pc_thunk.ax
                0x0000000000000000        0x4 build/thread.o
 .text.__x86.get_pc_thunk.bx
                0x0000000000000000        0x4 build/thread.o
 .note.GNU-stack
                0x0000000000000000        0x0 build/thread.o
 .group         0x0000000000000000        0x8 build/list.o
 .group         0x0000000000000000        0x8 build/list.o
 .text.__x86.get_pc_thunk.ax
                0x0000000000000000        0x4 build/list.o
 .text.__x86.get_pc_thunk.bx
                0x0000000000000000        0x4 build/list.o
 .note.GNU-stack
                0x0000000000000000        0x0 build/list.o
 .group         0x0000000000000000        0x8 build/console.o
 .group         0x0000000000000000        0x8 build/console.o
 .text.__x86.get_pc_thunk.ax
                0x0000000000000000        0x4 build/console.o
 .text.__x86.get_pc_thunk.bx
                0x0000000000000000        0x4 build/console.o
 .note.GNU-stack
                0x0000000000000000        0x0 build/console.o
 .group         0x0000000000000000        0x8 build/sync.o
 .group         0x0000000000000000        0x8 build/sync.o
 .text.__x86.get_pc_thunk.ax
                0x0000000000000000        0x4 build/sync.o
 .text.__x86.get_pc_thunk.bx
                0x0000000000000000        0x4 build/sync.o
 .note.GNU-stack
                0x0000000000000000        0x0 build/sync.o
 .group         0x0000000000000000        0x8 build/keyboard.o
 .group         0x0000000000000000        0x8 build/keyboard.o
 .text.__x86.get_pc_thunk.ax
                0x0000000000000000        0x4 build/keyboard.o
 .text.__x86.get_pc_thunk.bx
                0x0000000000000000        0x4 build/keyboard.o
 .note.GNU-stack
                0x0000000000000000        0x0 build/keyboard.o

Memory Configuration

Name             Origin             Length             Attributes
*default*        0x0000000000000000 0xffffffffffffffff

Linker script and memory map

Address of section .text set to 0xc0001500
LOAD build/main.o
LOAD build/init.o
LOAD build/interrupt.o
LOAD build/timer.o
LOAD build/kernel.o
LOAD build/print.o
LOAD build/debug.o
LOAD build/string.o
LOAD build/bitmap.o
LOAD build/memory.o
LOAD build/thread.o
LOAD build/list.o
LOAD build/switch.o
LOAD build/console.o
LOAD build/sync.o
LOAD build/keyboard.o
                [!provide]                        PROVIDE (__executable_start = SEGMENT_START ("text-segment", 0x8048000))
                0x0000000008048094                . = (SEGMENT_START ("text-segment", 0x8048000) + SIZEOF_HEADERS)

.interp
 *(.interp)

.note.gnu.build-id
 *(.note.gnu.build-id)

.hash
 *(.hash)

.gnu.hash
 *(.gnu.hash)

.dynsym
 *(.dynsym)

.dynstr
 *(.dynstr)

.gnu.version
 *(.gnu.version)

.gnu.version_d
 *(.gnu.version_d)

.gnu.version_r
 *(.gnu.version_r)

.rel.dyn        0x0000000008048094        0x0
 *(.rel.init)
 *(.rel.text .rel.text.* .rel.gnu.linkonce.t.*)
 .rel.text      0x0000000008048094        0x0 build/main.o
 *(.rel.fini)
 *(.rel.rodata .rel.rodata.* .rel.gnu.linkonce.r.*)
 *(.rel.data.rel.ro .rel.data.rel.ro.* .rel.gnu.linkonce.d.rel.ro.*)
 *(.rel.data .rel.data.* .rel.gnu.linkonce.d.*)
 *(.rel.tdata .rel.tdata.* .rel.gnu.linkonce.td.*)
 *(.rel.tbss .rel.tbss.* .rel.gnu.linkonce.tb.*)
 *(.rel.ctors)
 *(.rel.dtors)
 *(.rel.got)
 .rel.got       0x0000000008048094        0x0 build/main.o
 *(.rel.bss .rel.bss.* .rel.gnu.linkonce.b.*)
 *(.rel.ifunc)

.rel.plt        0x0000000008048094        0x0
 *(.rel.plt)
                [!provide]                        PROVIDE (__rel_iplt_start = .)
 *(.rel.iplt)
 .rel.iplt      0x0000000008048094        0x0 build/main.o
                [!provide]                        PROVIDE (__rel_iplt_end = .)

.init
 *(SORT_NONE(.init))

.plt            0x0000000008048098        0x0
 *(.plt)
 *(.iplt)
 .iplt          0x0000000008048098        0x0 build/main.o

.plt.got
 *(.plt.got)

.plt.sec
 *(.plt.sec)

.text           0x00000000c0001500     0x2d68
 *(.text.unlikely .text.*_unlikely .text.unlikely.*)
 *(.text.exit .text.exit.*)
 *(.text.startup .text.startup.*)
 *(.text.hot .text.hot.*)
 *(.text .stub .text.* .gnu.linkonce.t.*)
 .text          0x00000000c0001500       0x88 build/main.o
                0x00000000c0001500                main
                0x00000000c0001538                k_thread_a
                0x00000000c0001560                k_thread_b
 .text.__x86.get_pc_thunk.bx
                0x00000000c0001588        0x4 build/main.o
                0x00000000c0001588                __x86.get_pc_thunk.bx
 .text          0x00000000c000158c       0x43 build/init.o
                0x00000000c000158c                init_all
 .text          0x00000000c00015cf      0x54f build/interrupt.o
                0x00000000c00019c0                intr_enable
                0x00000000c00019f3                intr_disable
                0x00000000c0001a26                intr_set_status
                0x00000000c0001a4e                intr_get_status
                0x00000000c0001a75                register_handler
                0x00000000c0001a9e                idt_init
 .text.__x86.get_pc_thunk.ax
                0x00000000c0001b1e        0x4 build/interrupt.o
                0x00000000c0001b1e                __x86.get_pc_thunk.ax
 .text          0x00000000c0001b22      0x1b8 build/timer.o
                0x00000000c0001c72                timer_init
 *fill*         0x00000000c0001cda        0x6 
 .text          0x00000000c0001ce0      0x537 build/kernel.o
                0x00000000c0001ce0                intr_exit
 *fill*         0x00000000c0002217        0x9 
 .text          0x00000000c0002220      0x172 build/print.o
                0x00000000c0002220                put_str
                0x00000000c000223e                put_char
                0x00000000c000230b                put_int
                0x00000000c000236e                set_cursor
 .text          0x00000000c0002392       0xf4 build/debug.o
                0x00000000c0002392                panic_spin
 .text          0x00000000c0002486      0x4ac build/string.o
                0x00000000c0002486                memset
                0x00000000c00024ee                memcpy
                0x00000000c0002564                memcmp
                0x00000000c00025fd                strcpy
                0x00000000c0002668                strlen
                0x00000000c00026c9                strcmp
                0x00000000c0002758                strchr
                0x00000000c00027c6                strrchr
                0x00000000c000283a                strcat
                0x00000000c00028ba                strchrs
 .text          0x00000000c0002932      0x28d build/bitmap.o
                0x00000000c0002932                bitmap_init
                0x00000000c0002965                bitmap_scan_test
                0x00000000c00029af                bitmap_scan
                0x00000000c0002af7                bitmap_set
 .text          0x00000000c0002bbf      0x64b build/memory.o
                0x00000000c0002c58                pte_ptr
                0x00000000c0002c92                pde_ptr
                0x00000000c0002e53                malloc_page
                0x00000000c0002f29                get_kernel_pages
                0x00000000c00031b6                mem_init
 .text          0x00000000c000320a      0x64d build/thread.o
                0x00000000c000320a                running_thread
                0x00000000c0003255                thread_create
                0x00000000c00032d9                init_thread
                0x00000000c000337e                thread_start
                0x00000000c000351d                schedule
                0x00000000c0003659                thread_block
                0x00000000c00036d1                thread_unblock
                0x00000000c00037f2                thread_init
 .text.__x86.get_pc_thunk.dx
                0x00000000c0003857        0x4 build/thread.o
                0x00000000c0003857                __x86.get_pc_thunk.dx
 .text          0x00000000c000385b      0x25f build/list.o
                0x00000000c000385b                list_init
                0x00000000c0003893                list_insert_before
                0x00000000c00038e7                list_push
                0x00000000c000390f                list_append
                0x00000000c0003937                list_remove
                0x00000000c0003980                list_pop
                0x00000000c00039ac                elem_find
                0x00000000c00039f1                list_traversal
                0x00000000c0003a58                list_len
                0x00000000c0003a97                list_empty
 *fill*         0x00000000c0003aba        0x6 
 .text          0x00000000c0003ac0       0x15 build/switch.o
                0x00000000c0003ac0                switch_to
 .text          0x00000000c0003ad5      0x119 build/console.o
                0x00000000c0003ad5                console_init
                0x00000000c0003b00                console_acquire
                0x00000000c0003b2b                console_release
                0x00000000c0003b56                console_put_str
                0x00000000c0003b86                console_put_char
                0x00000000c0003bbe                console_put_int
 .text          0x00000000c0003bee      0x391 build/sync.o
                0x00000000c0003bee                sema_init
                0x00000000c0003c28                lock_init
                0x00000000c0003c62                sema_down
                0x00000000c0003d7e                sema_up
                0x00000000c0003e48                lock_acquire
                0x00000000c0003ed0                lock_release
 .text          0x00000000c0003f7f      0x2e9 build/keyboard.o
                0x00000000c0004218                keyboard_init
 *(.gnu.warning)

.fini
 *(SORT_NONE(.fini))
                [!provide]                        PROVIDE (__etext = .)
                [!provide]                        PROVIDE (_etext = .)
                [!provide]                        PROVIDE (etext = .)

.rodata         0x00000000c0004268      0xa2f
 *(.rodata .rodata.* .gnu.linkonce.r.*)
 .rodata        0x00000000c0004268        0xd build/main.o
 .rodata        0x00000000c0004275        0xa build/init.o
 *fill*         0x00000000c000427f        0x1 
 .rodata        0x00000000c0004280      0x2d1 build/interrupt.o
 *fill*         0x00000000c0004551        0x3 
 .rodata        0x00000000c0004554       0x6b build/timer.o
 .rodata        0x00000000c00045bf       0x3f build/debug.o
 *fill*         0x00000000c00045fe        0x2 
 .rodata        0x00000000c0004600       0xc4 build/string.o
 .rodata        0x00000000c00046c4       0x6b build/bitmap.o
 *fill*         0x00000000c000472f        0x1 
 .rodata        0x00000000c0004730      0x130 build/memory.o
 .rodata        0x00000000c0004860      0x2cb build/thread.o
 *fill*         0x00000000c0004b2b        0x1 
 .rodata        0x00000000c0004b2c      0x135 build/sync.o
 .rodata        0x00000000c0004c61       0x36 build/keyboard.o

.rodata1
 *(.rodata1)

.eh_frame_hdr
 *(.eh_frame_hdr)
 *(.eh_frame_entry .eh_frame_entry.*)

.eh_frame       0x00000000c0004c98      0xb20
 *(.eh_frame)
 .eh_frame      0x00000000c0004c98       0x8c build/main.o
 .eh_frame      0x00000000c0004d24       0x24 build/init.o
                                         0x50 (size before relaxing)
 .eh_frame      0x00000000c0004d48      0x1b4 build/interrupt.o
                                        0x1e0 (size before relaxing)
 .eh_frame      0x00000000c0004efc       0x94 build/timer.o
                                         0xd4 (size before relaxing)
 .eh_frame      0x00000000c0004f90       0x1c build/debug.o
                                         0x48 (size before relaxing)
 .eh_frame      0x00000000c0004fac      0x168 build/string.o
                                        0x194 (size before relaxing)
 .eh_frame      0x00000000c0005114       0x90 build/bitmap.o
                                         0xbc (size before relaxing)
 .eh_frame      0x00000000c00051a4      0x13c build/memory.o
                                        0x17c (size before relaxing)
 .eh_frame      0x00000000c00052e0      0x174 build/thread.o
                                        0x1b4 (size before relaxing)
 .eh_frame      0x00000000c0005454      0x148 build/list.o
                                        0x188 (size before relaxing)
 .eh_frame      0x00000000c000559c       0xd8 build/console.o
                                        0x118 (size before relaxing)
 .eh_frame      0x00000000c0005674       0xdc build/sync.o
                                        0x11c (size before relaxing)
 .eh_frame      0x00000000c0005750       0x68 build/keyboard.o
                                         0xa8 (size before relaxing)
 *(.eh_frame.*)

.gcc_except_table
 *(.gcc_except_table .gcc_except_table.*)

.gnu_extab
 *(.gnu_extab*)

.exception_ranges
 *(.exception_ranges .exception_ranges*)
                0x00000000c0007000                . = DATA_SEGMENT_ALIGN (CONSTANT (MAXPAGESIZE), CONSTANT (COMMONPAGESIZE))

.eh_frame
 *(.eh_frame)
 *(.eh_frame.*)

.gnu_extab
 *(.gnu_extab)

.gcc_except_table
 *(.gcc_except_table .gcc_except_table.*)

.exception_ranges
 *(.exception_ranges .exception_ranges*)

.tdata
 *(.tdata .tdata.* .gnu.linkonce.td.*)

.tbss
 *(.tbss .tbss.* .gnu.linkonce.tb.*)
 *(.tcommon)

.preinit_array  0x00000000c0007000        0x0
                [!provide]                        PROVIDE (__preinit_array_start = .)
 *(.preinit_array)
                [!provide]                        PROVIDE (__preinit_array_end = .)

.init_array     0x00000000c0007000        0x0
                [!provide]                        PROVIDE (__init_array_start = .)
 *(SORT_BY_INIT_PRIORITY(.init_array.*) SORT_BY_INIT_PRIORITY(.ctors.*))
 *(.init_array EXCLUDE_FILE(*crtend?.o *crtend.o *crtbegin?.o *crtbegin.o) .ctors)
                [!provide]                        PROVIDE (__init_array_end = .)

.fini_array     0x00000000c0007000        0x0
                [!provide]                        PROVIDE (__fini_array_start = .)
 *(SORT_BY_INIT_PRIORITY(.fini_array.*) SORT_BY_INIT_PRIORITY(.dtors.*))
 *(.fini_array EXCLUDE_FILE(*crtend?.o *crtend.o *crtbegin?.o *crtbegin.o) .dtors)
                [!provide]                        PROVIDE (__fini_array_end = .)

.ctors
 *crtbegin.o(.ctors)
 *crtbegin?.o(.ctors)
 *(EXCLUDE_FILE(*crtend?.o *crtend.o) .ctors)
 *(SORT_BY_NAME(.ctors.*))
 *(.ctors)

.dtors
 *crtbegin.o(.dtors)
 *crtbegin?.o(.dtors)
 *(EXCLUDE_FILE(*crtend?.o *crtend.o) .dtors)
 *(SORT_BY_NAME(.dtors.*))
 *(.dtors)

.jcr
 *(.jcr)

.data.rel.ro
 *(.data.rel.ro.local* .gnu.linkonce.d.rel.ro.local.*)
 *(.data.rel.ro .data.rel.ro.* .gnu.linkonce.d.rel.ro.*)

.dynamic
 *(.dynamic)

.got            0x00000000c0007000        0x0
 *(.got)
 .got           0x00000000c0007000        0x0 build/main.o
 *(.igot)
                0x00000000c0007ff4                . = DATA_SEGMENT_RELRO_END (., (SIZEOF (.got.plt) >= 0xc)?0xc:0x0)

.got.plt        0x00000000c0007000        0xc
 *(.got.plt)
 .got.plt       0x00000000c0007000        0xc build/main.o
                0x00000000c0007000                _GLOBAL_OFFSET_TABLE_
 *(.igot.plt)
 .igot.plt      0x00000000c000700c        0x0 build/main.o

.data           0x00000000c0007020      0x156
 *(.data .data.* .gnu.linkonce.d.*)
 .data          0x00000000c0007020        0x0 build/main.o
 .data          0x00000000c0007020        0x0 build/init.o
 .data          0x00000000c0007020        0x0 build/interrupt.o
 .data          0x00000000c0007020        0x0 build/timer.o
 .data          0x00000000c0007020       0xc0 build/kernel.o
                0x00000000c0007020                intr_entry_table
 .data          0x00000000c00070e0        0x8 build/print.o
 .data          0x00000000c00070e8        0x0 build/debug.o
 .data          0x00000000c00070e8        0x0 build/string.o
 .data          0x00000000c00070e8        0x0 build/bitmap.o
 .data          0x00000000c00070e8        0x0 build/memory.o
 .data          0x00000000c00070e8        0x0 build/thread.o
 .data          0x00000000c00070e8        0x0 build/list.o
 .data          0x00000000c00070e8        0x0 build/console.o
 .data          0x00000000c00070e8        0x0 build/sync.o
 *fill*         0x00000000c00070e8       0x18 
 .data          0x00000000c0007100       0x76 build/keyboard.o

.data1
 *(.data1)
                0x00000000c0007176                _edata = .
                [!provide]                        PROVIDE (edata = .)
                0x00000000c0007176                . = .
                0x00000000c0007176                __bss_start = .

.bss            0x00000000c0007180      0x394
 *(.dynbss)
 *(.bss .bss.* .gnu.linkonce.b.*)
 .bss           0x00000000c0007180        0x0 build/main.o
 .bss           0x00000000c0007180        0x0 build/init.o
 .bss           0x00000000c0007180      0x180 build/interrupt.o
 .bss           0x00000000c0007300        0x0 build/timer.o
 .bss           0x00000000c0007300        0x0 build/debug.o
 .bss           0x00000000c0007300        0x0 build/string.o
 .bss           0x00000000c0007300        0x0 build/bitmap.o
 .bss           0x00000000c0007300        0x0 build/memory.o
 .bss           0x00000000c0007300        0x4 build/thread.o
 .bss           0x00000000c0007304        0x0 build/list.o
 .bss           0x00000000c0007304       0x1c build/console.o
 .bss           0x00000000c0007320        0x0 build/sync.o
 .bss           0x00000000c0007320       0x14 build/keyboard.o
 *(COMMON)
 *fill*         0x00000000c0007334        0xc 
 COMMON         0x00000000c0007340      0x180 build/interrupt.o
                0x00000000c0007340                intr_name
                0x00000000c0007400                idt_table
 COMMON         0x00000000c00074c0        0x4 build/timer.o
                0x00000000c00074c0                ticks
 COMMON         0x00000000c00074c4       0x2c build/memory.o
                0x00000000c00074c4                user_pool
                0x00000000c00074d4                kernel_vaddr
                0x00000000c00074e0                kernel_pool
 COMMON         0x00000000c00074f0       0x24 build/thread.o
                0x00000000c00074f0                thread_ready_list
                0x00000000c0007500                thread_all_list
                0x00000000c0007510                main_thread
                0x00000000c0007514                . = ALIGN ((. != 0x0)?0x4:0x1)
                0x00000000c0007514                . = ALIGN (0x4)
                0x00000000c0007514                . = SEGMENT_START ("ldata-segment", .)
                0x00000000c0007514                . = ALIGN (0x4)
                0x00000000c0007514                _end = .
                [!provide]                        PROVIDE (end = .)
                0x00000000c0007514                . = DATA_SEGMENT_END (.)

.stab
 *(.stab)

.stabstr
 *(.stabstr)

.stab.excl
 *(.stab.excl)

.stab.exclstr
 *(.stab.exclstr)

.stab.index
 *(.stab.index)

.stab.indexstr
 *(.stab.indexstr)

.comment        0x0000000000000000       0x29
 *(.comment)
 .comment       0x0000000000000000       0x29 build/main.o
                                         0x2a (size before relaxing)
 .comment       0x0000000000000029       0x2a build/init.o
 .comment       0x0000000000000029       0x2a build/interrupt.o
 .comment       0x0000000000000029       0x2a build/timer.o
 .comment       0x0000000000000029       0x2a build/debug.o
 .comment       0x0000000000000029       0x2a build/string.o
 .comment       0x0000000000000029       0x2a build/bitmap.o
 .comment       0x0000000000000029       0x2a build/memory.o
 .comment       0x0000000000000029       0x2a build/thread.o
 .comment       0x0000000000000029       0x2a build/list.o
 .comment       0x0000000000000029       0x2a build/console.o
 .comment       0x0000000000000029       0x2a build/sync.o
 .comment       0x0000000000000029       0x2a build/keyboard.o

.debug
 *(.debug)

.line
 *(.line)

.debug_srcinfo
 *(.debug_srcinfo)

.debug_sfnames
 *(.debug_sfnames)

.debug_aranges
 *(.debug_aranges)

.debug_pubnames
 *(.debug_pubnames)

.debug_info
 *(.debug_info .gnu.linkonce.wi.*)

.debug_abbrev
 *(.debug_abbrev)

.debug_line
 *(.debug_line .debug_line.* .debug_line_end)

.debug_frame
 *(.debug_frame)

.debug_str
 *(.debug_str)

.debug_loc
 *(.debug_loc)

.debug_macinfo
 *(.debug_macinfo)

.debug_weaknames
 *(.debug_weaknames)

.debug_funcnames
 *(.debug_funcnames)

.debug_typenames
 *(.debug_typenames)

.debug_varnames
 *(.debug_varnames)

.debug_pubtypes
 *(.debug_pubtypes)

.debug_ranges
 *(.debug_ranges)

.debug_macro
 *(.debug_macro)

.debug_addr
 *(.debug_addr)

.gnu.attributes
 *(.gnu.attributes)

/DISCARD/
 *(.note.GNU-stack)
 *(.gnu_debuglink)
 *(.gnu.lto_*)
OUTPUT(build/kernel.bin elf32-i386)
